---
source: tests/basics.rs
expression: "db.get_all::<TestRecordPartitioned>()?"
---
[]
